new dolphin created.
inside dolphin.
inside drop().
inside eat().
inside swim().
