inside dolphin.
dolphin's local sum var =
13
inside swim().
dolphin's hours =
0
inside eat().
eat()'s formal weight =
30
inside sleep().
sleep()'s local sum =
0
inside drop().
dolphin's formal weight =
10
dolphin's local sum =
13
