Hello world!
inside drop()
swim()'s new num = 
30
swim()'s new num = 
40
eat()'s new num = 
15
eat()'s new num = 
20
