new dolphin created
hello from inside dolphin
44
60
hello from inside dolphin
10
3