Hello world!
inside drop()
eat()'s formal num = 
40
eat()'s formal hours = 
2
swim()'s formal num = 
30
