new dolphin created.
inside dolphin.
sum = 
13
inside drop().
sum = 
18
inside eat().
sum = 
23
inside swim().
sum = 
23
