1.000000
0.100000
-0.800000
-0.910000
-1.500000
20.000000
20.000000
-1.000000
4.200000
0.333333
-4.000000
