inside dolphin.
dolphins local sum var =
13
inside swim().
dolphins hours =
0
inside eat().
eat()s formal weight =
30
inside sleep().
sleep()s local sum =
0
inside drop().
dolphins formal weight =
10
dolphins local sum =
13
