dolphin here
100
3
dolphin eating, now weighs
110
baby dolphin eating, now weighs
255