Made dolphin
inside drop()
swim()'s new num = 
65
eat()'s new num = 
6
