new dolphin created.
inside dolphin.
drop()'s local var:
0
eat()'s local var:
2
swim()'s local var:
1        
