true
true
true
false
true
99
true
false
99
true
false
99
true
true
true
false
99
false
true
99
false
true
true
