Hello World
hello world!
hello world hello  world 
2
